[mosaic] 90 donor frames from cache, tile 128 overlap 16, canvas (768, 1536), struct_max 0.12
[masks] 10 of 13 detector geometries, q_max 3.61-7.80, incidence angle 0.1-0.5 deg
90 donor envelopes, 99.3% of their log-variance in 6 PCs
  row 1/5 built
  row 2/5 built
  row 3/5 built
  row 4/5 built
  row 5/5 built
wrote panels_raw.png
wrote panels_preprocessed.png
/mnt/lustre/home/schreiber/szb389/mlgidDETECT_DINO/diagnostics/background_v2_review.py:100: RuntimeWarning: Mean of empty slice
  p = np.nanmean(d, axis=0)
/mnt/lustre/home/schreiber/szb389/mlgidDETECT_DINO/diagnostics/background_v2_review.py:106: RuntimeWarning: All-NaN slice encountered
  ax[0].plot(x, np.nanmedian(P, 0), color=C[tag], lw=2.0, label=tag)
/mnt/lustre/home/schreiber/szb389/mlgidDETECT_DINO/diagnostics/background_v2_review.py:107: RuntimeWarning: All-NaN slice encountered
  ax[1].fill_between(x, np.nanmin(P, 0), np.nanmax(P, 0), color=C[tag], alpha=0.22, lw=0)
/mnt/lustre/home/schreiber/szb389/mlgidDETECT_DINO/diagnostics/background_v2_review.py:108: RuntimeWarning: All-NaN slice encountered
  ax[1].plot(x, np.nanmedian(P, 0), color=C[tag], lw=2.0, label=tag)
wrote radial_profiles.png

STATS (median over the 5 examples, valid pixels only)
  source         median   max/med  noise/sqrt(I)
  REAL             38.3       2.3           1.61
  CURRENT         320.1       3.8           2.73
  A+B2             19.2       2.7           1.24
  B1               20.5       2.6           1.22

(noise/sqrt(I) ~ 1 means Poisson-like graininess; the REAL column is the target)
