[mosaic] 90 donor frames from cache, tile 128 overlap 16, canvas (768, 1536), struct_max 0.12
[masks] 10 of 13 detector geometries, q_max 3.61-7.80, incidence angle 0.1-0.5 deg
90 donor envelopes, 99.3% of their log-variance in 6 PCs
  row 1/5 built (donor level 30 counts, pool 21)
  row 2/5 built (donor level 177 counts, pool 16)
  row 3/5 built (donor level 38 counts, pool 24)
  row 4/5 built (donor level 474 counts, pool 16)
  row 5/5 built (donor level 18 counts, pool 33)
wrote panels_raw.png
wrote panels_preprocessed.png
/mnt/lustre/home/schreiber/szb389/mlgidDETECT_DINO/diagnostics/background_v2_review.py:113: RuntimeWarning: Mean of empty slice
  p = np.nanmean(d, axis=0)
/mnt/lustre/home/schreiber/szb389/mlgidDETECT_DINO/diagnostics/background_v2_review.py:119: RuntimeWarning: All-NaN slice encountered
  ax[0].plot(x, np.nanmedian(P, 0), color=C[tag], lw=2.0, label=tag)
/mnt/lustre/home/schreiber/szb389/mlgidDETECT_DINO/diagnostics/background_v2_review.py:120: RuntimeWarning: All-NaN slice encountered
  ax[1].fill_between(x, np.nanmin(P, 0), np.nanmax(P, 0), color=C[tag], alpha=0.22, lw=0)
/mnt/lustre/home/schreiber/szb389/mlgidDETECT_DINO/diagnostics/background_v2_review.py:121: RuntimeWarning: All-NaN slice encountered
  ax[1].plot(x, np.nanmedian(P, 0), color=C[tag], lw=2.0, label=tag)
wrote radial_profiles.png

STATS (median over the 5 examples, valid pixels only)
  source         median   max/med  noise/sqrt(I)
  REAL             38.3       2.3           1.61
  CURRENT          41.2       2.9           1.34
  A+B2             38.3       2.2           1.25
  B1               37.6       2.8           1.49

(noise/sqrt(I) ~ 1 means Poisson-like graininess; the REAL column is the target)
