=== SMOKE ===
====================================================================================================
contrast sweep  2026-09-06 20:20:34
  ckpt   : /mnt/lustre/work/schreiber/szb389/datasets/DINO_BACKBONE_curation/detector_runs/dino_ssl1/checkpoint.pth
  config : config/DINO/DINO_4scale_swin_ssl.py
  grid   : base  (1 settings)
/home/schreiber/szb389/.conda/envs/DINO_GIWAXS/lib/python3.12/site-packages/timm/models/layers/__init__.py:49: FutureWarning: Importing from timm.models.layers is deprecated, please import via timm.layers
  warnings.warn(f"Importing from {__name__} is deprecated, please import via timm.layers", FutureWarning)
use_checkpoint!!!!!!!!!!!!!!!!!!!!!!!!
/home/schreiber/szb389/.conda/envs/DINO_GIWAXS/lib/python3.12/site-packages/torch/functional.py:534: UserWarning: torch.meshgrid: in an upcoming release, it will be required to pass the indexing argument. (Triggered internally at ../aten/src/ATen/native/TensorShape.cpp:3595.)
  return _VF.meshgrid(tensors, **kwargs)  # type: ignore[attr-defined]
/mnt/lustre/home/schreiber/szb389/mlgidDETECT_DINO/models/dino/backbone.py:198: FutureWarning: You are using `torch.load` with `weights_only=False` (the current default value), which uses the default pickle module implicitly. It is possible to construct malicious pickle data which will execute arbitrary code during unpickling (See https://github.com/pytorch/pytorch/blob/main/SECURITY.md#untrusted-models for more details). In a future release, the default value for `weights_only` will be flipped to `True`. This limits the functions that could be executed during unpickling. Arbitrary objects will no longer be allowed to be loaded via this mode unless they are explicitly allowlisted by the user via `torch.serialization.add_safe_globals`. We recommend you start setting `weights_only=True` for any use case where you don't have full control of the loaded file. Please open an issue on GitHub for any issues related to this experimental feature.
  checkpoint = torch.load(pretrainedpath, map_location='cpu')['model']
<All keys matched successfully>
/mnt/lustre/home/schreiber/szb389/mlgidDETECT_DINO/diagnostics/sweep_contrast.py:211: FutureWarning: You are using `torch.load` with `weights_only=False` (the current default value), which uses the default pickle module implicitly. It is possible to construct malicious pickle data which will execute arbitrary code during unpickling (See https://github.com/pytorch/pytorch/blob/main/SECURITY.md#untrusted-models for more details). In a future release, the default value for `weights_only` will be flipped to `True`. This limits the functions that could be executed during unpickling. Arbitrary objects will no longer be allowed to be loaded via this mode unless they are explicitly allowlisted by the user via `torch.serialization.add_safe_globals`. We recommend you start setting `weights_only=True` for any use case where you don't have full control of the loaded file. Please open an issue on GitHub for any issues related to this experimental feature.
  sd = torch.load(ckpt_path, map_location='cpu')
  epoch  : 437   num_channels=1
  cached 41: 3 frames from /mnt/lustre/work/schreiber/szb389/datasets/41.h5 (1s)
[verify] 41: max|sweep_default - _contrast_correction| = 0.000e+00
  cached organic: 3 frames from /mnt/lustre/work/schreiber/szb389/datasets/organic_labeled.h5 (3s)
[verify] organic: max|sweep_default - _contrast_correction| = 0.000e+00

dataset   setting                             ap_total  ap_high  recall*   prec*  rec@0.4 prec@0.4
41        clip=5/99.5_log_he                    0.6286   0.8924    0.612   0.749    0.566    0.816   (4s)
organic   clip=5/99.5_log_he                    0.4834   0.6007    0.512   0.824    0.440    0.862   (1s)

wrote /mnt/lustre/work/schreiber/szb389/datasets/DINO_BACKBONE_curation/sweeps/contrast_smoke.csv
=== FULL SWEEP ===
====================================================================================================
contrast sweep  2026-09-06 20:21:17
  ckpt   : /mnt/lustre/work/schreiber/szb389/datasets/DINO_BACKBONE_curation/detector_runs/dino_ssl1/checkpoint.pth
  config : config/DINO/DINO_4scale_swin_ssl.py
  grid   : all  (62 settings)
/home/schreiber/szb389/.conda/envs/DINO_GIWAXS/lib/python3.12/site-packages/timm/models/layers/__init__.py:49: FutureWarning: Importing from timm.models.layers is deprecated, please import via timm.layers
  warnings.warn(f"Importing from {__name__} is deprecated, please import via timm.layers", FutureWarning)
use_checkpoint!!!!!!!!!!!!!!!!!!!!!!!!
/home/schreiber/szb389/.conda/envs/DINO_GIWAXS/lib/python3.12/site-packages/torch/functional.py:534: UserWarning: torch.meshgrid: in an upcoming release, it will be required to pass the indexing argument. (Triggered internally at ../aten/src/ATen/native/TensorShape.cpp:3595.)
  return _VF.meshgrid(tensors, **kwargs)  # type: ignore[attr-defined]
/mnt/lustre/home/schreiber/szb389/mlgidDETECT_DINO/models/dino/backbone.py:198: FutureWarning: You are using `torch.load` with `weights_only=False` (the current default value), which uses the default pickle module implicitly. It is possible to construct malicious pickle data which will execute arbitrary code during unpickling (See https://github.com/pytorch/pytorch/blob/main/SECURITY.md#untrusted-models for more details). In a future release, the default value for `weights_only` will be flipped to `True`. This limits the functions that could be executed during unpickling. Arbitrary objects will no longer be allowed to be loaded via this mode unless they are explicitly allowlisted by the user via `torch.serialization.add_safe_globals`. We recommend you start setting `weights_only=True` for any use case where you don't have full control of the loaded file. Please open an issue on GitHub for any issues related to this experimental feature.
  checkpoint = torch.load(pretrainedpath, map_location='cpu')['model']
<All keys matched successfully>
/mnt/lustre/home/schreiber/szb389/mlgidDETECT_DINO/diagnostics/sweep_contrast.py:211: FutureWarning: You are using `torch.load` with `weights_only=False` (the current default value), which uses the default pickle module implicitly. It is possible to construct malicious pickle data which will execute arbitrary code during unpickling (See https://github.com/pytorch/pytorch/blob/main/SECURITY.md#untrusted-models for more details). In a future release, the default value for `weights_only` will be flipped to `True`. This limits the functions that could be executed during unpickling. Arbitrary objects will no longer be allowed to be loaded via this mode unless they are explicitly allowlisted by the user via `torch.serialization.add_safe_globals`. We recommend you start setting `weights_only=True` for any use case where you don't have full control of the loaded file. Please open an issue on GitHub for any issues related to this experimental feature.
  sd = torch.load(ckpt_path, map_location='cpu')
  epoch  : 437   num_channels=1
  cached 41: 41 frames from /mnt/lustre/work/schreiber/szb389/datasets/41.h5 (18s)
[verify] 41: max|sweep_default - _contrast_correction| = 0.000e+00
  cached organic: 8 frames from /mnt/lustre/work/schreiber/szb389/datasets/organic_labeled.h5 (4s)
[verify] organic: max|sweep_default - _contrast_correction| = 0.000e+00

dataset   setting                             ap_total  ap_high  recall*   prec*  rec@0.4 prec@0.4
41        clip=5/99.5_log_he                    0.7441   0.8569    0.717   0.726    0.695    0.746   (9s)
organic   clip=5/99.5_log_he                    0.5683   0.7004    0.584   0.762    0.477    0.866   (2s)
41        clip=none_log_he                      0.7478   0.8550    0.714   0.735    0.693    0.751   (8s)
organic   clip=none_log_he                      0.5646   0.7074    0.561   0.772    0.461    0.850   (1s)
41        clip=none_log_nohe                    0.6776   0.9135    0.660   0.778    0.545    0.871   (7s)
organic   clip=none_log_nohe                    0.3634   0.5303    0.406   0.708    0.263    0.909   (1s)
41        clip=none_nolog_he                    0.5614   0.7813    0.558   0.686    0.496    0.772   (7s)
organic   clip=none_nolog_he                    0.0727   0.0878    0.086   0.380    0.070    0.707   (1s)
41        clip=none_nolog_nohe                  0.3263   0.6163    0.362   0.685    0.212    0.878   (6s)
organic   clip=none_nolog_nohe                  0.0280   0.0472    0.035   0.569    0.022    0.700   (1s)
--- 5/62 settings done ---
41        clip=0/100_log_he                     0.7478   0.8550    0.714   0.735    0.693    0.751   (8s)
organic   clip=0/100_log_he                     0.5646   0.7074    0.561   0.772    0.461    0.850   (2s)
41        clip=0/100_log_nohe                   0.6776   0.9135    0.660   0.778    0.545    0.871   (8s)
organic   clip=0/100_log_nohe                   0.3634   0.5303    0.406   0.708    0.263    0.909   (2s)
41        clip=0/100_nolog_he                   0.5614   0.7813    0.558   0.686    0.496    0.772   (7s)
organic   clip=0/100_nolog_he                   0.0727   0.0878    0.086   0.380    0.070    0.707   (1s)
41        clip=0/100_nolog_nohe                 0.3263   0.6163    0.362   0.685    0.212    0.878   (7s)
organic   clip=0/100_nolog_nohe                 0.0280   0.0472    0.035   0.569    0.022    0.700   (1s)
41        clip=1/99_log_he                      0.7421   0.8518    0.717   0.721    0.690    0.747   (8s)
organic   clip=1/99_log_he                      0.5765   0.7108    0.606   0.741    0.463    0.867   (2s)
--- 10/62 settings done ---
41        clip=1/99_log_nohe                    0.7488   0.8972    0.713   0.758    0.651    0.807   (8s)
organic   clip=1/99_log_nohe                    0.4859   0.6647    0.525   0.741    0.355    0.898   (2s)
41        clip=1/99_nolog_he                    0.7438   0.8526    0.712   0.752    0.701    0.754   (7s)
organic   clip=1/99_nolog_he                    0.5653   0.7071    0.573   0.780    0.470    0.859   (1s)
41        clip=1/99_nolog_nohe                  0.7489   0.8773    0.738   0.721    0.652    0.784   (7s)
organic   clip=1/99_nolog_nohe                  0.4720   0.6477    0.517   0.758    0.355    0.915   (1s)
41        clip=5/99.5_log_nohe                  0.7527   0.8847    0.704   0.762    0.651    0.790   (8s)
organic   clip=5/99.5_log_nohe                  0.5384   0.6978    0.573   0.757    0.414    0.880   (2s)
41        clip=5/99.5_nolog_he                  0.7451   0.8571    0.718   0.727    0.695    0.745   (7s)
organic   clip=5/99.5_nolog_he                  0.5626   0.7048    0.597   0.738    0.458    0.851   (1s)
--- 15/62 settings done ---
41        clip=5/99.5_nolog_nohe                0.7563   0.9006    0.692   0.782    0.642    0.813   (7s)
organic   clip=5/99.5_nolog_nohe                0.3867   0.5391    0.431   0.733    0.279    0.902   (1s)
41        clip=10/99_log_he                     0.7449   0.8553    0.720   0.724    0.697    0.741   (8s)
organic   clip=10/99_log_he                     0.5675   0.7022    0.592   0.745    0.461    0.861   (2s)
41        clip=10/99_log_nohe                   0.7488   0.8609    0.714   0.726    0.687    0.751   (8s)
organic   clip=10/99_log_nohe                   0.5652   0.7079    0.583   0.780    0.441    0.872   (2s)
41        clip=10/99_nolog_he                   0.7410   0.8509    0.708   0.731    0.695    0.738   (7s)
organic   clip=10/99_nolog_he                   0.5688   0.7031    0.576   0.781    0.459    0.860   (1s)
41        clip=10/99_nolog_nohe                 0.7534   0.8739    0.760   0.701    0.667    0.775   (7s)
organic   clip=10/99_nolog_nohe                 0.4829   0.6507    0.501   0.802    0.367    0.904   (1s)
--- 20/62 settings done ---
41        clip=2/99.9_log_he                    0.7447   0.8507    0.725   0.724    0.690    0.745   (8s)
organic   clip=2/99.9_log_he                    0.5755   0.7078    0.606   0.729    0.469    0.867   (2s)
41        clip=2/99.9_log_nohe                  0.7318   0.8941    0.724   0.743    0.635    0.826   (8s)
organic   clip=2/99.9_log_nohe                  0.4306   0.6085    0.468   0.758    0.344    0.887   (2s)
41        clip=2/99.9_nolog_he                  0.7434   0.8579    0.717   0.728    0.686    0.747   (7s)
organic   clip=2/99.9_nolog_he                  0.4183   0.5718    0.438   0.731    0.326    0.850   (2s)
41        clip=2/99.9_nolog_nohe                0.7066   0.9126    0.717   0.728    0.551    0.856   (7s)
organic   clip=2/99.9_nolog_nohe                0.1817   0.2575    0.203   0.722    0.136    0.873   (1s)
41        clip=5/99.99_log_he                   0.7434   0.8529    0.715   0.728    0.695    0.743   (8s)
organic   clip=5/99.99_log_he                   0.5720   0.7022    0.589   0.756    0.472    0.865   (2s)
--- 25/62 settings done ---
41        clip=5/99.99_log_nohe                 0.7362   0.9035    0.701   0.772    0.617    0.841   (8s)
organic   clip=5/99.99_log_nohe                 0.4996   0.6721    0.537   0.752    0.376    0.891   (2s)
41        clip=5/99.99_nolog_he                 0.6792   0.8374    0.677   0.704    0.617    0.756   (7s)
organic   clip=5/99.99_nolog_he                 0.1123   0.1460    0.127   0.542    0.093    0.835   (1s)
41        clip=5/99.99_nolog_nohe               0.5323   0.8434    0.564   0.705    0.380    0.906   (7s)
organic   clip=5/99.99_nolog_nohe               0.0602   0.0911    0.066   0.635    0.048    0.886   (1s)
41        clip=5/99.5_log_gamma0.3_nohe         0.7452   0.9051    0.710   0.765    0.622    0.832   (9s)
organic   clip=5/99.5_log_gamma0.3_nohe         0.5257   0.6824    0.574   0.748    0.406    0.890   (2s)
41        clip=5/99.5_log_gamma0.5_nohe         0.7480   0.8933    0.744   0.723    0.640    0.815   (8s)
organic   clip=5/99.5_log_gamma0.5_nohe         0.5363   0.7031    0.573   0.765    0.414    0.867   (2s)
--- 30/62 settings done ---
41        clip=5/99.5_log_gamma0.7_nohe         0.7541   0.8919    0.725   0.742    0.655    0.802   (9s)
organic   clip=5/99.5_log_gamma0.7_nohe         0.5380   0.7080    0.578   0.753    0.421    0.875   (2s)
41        clip=5/99.5_log_gamma1.5_nohe         0.7497   0.8789    0.729   0.723    0.661    0.782   (9s)
organic   clip=5/99.5_log_gamma1.5_nohe         0.5326   0.6965    0.574   0.760    0.406    0.895   (2s)
41        clip=5/99.5_log_gamma2_nohe           0.7502   0.8809    0.736   0.725    0.665    0.782   (8s)
organic   clip=5/99.5_log_gamma2_nohe           0.5030   0.6705    0.518   0.803    0.388    0.906   (2s)
41        clip=5/99.5_nolog_gamma0.3_nohe       0.7551   0.8933    0.749   0.717    0.661    0.800   (8s)
organic   clip=5/99.5_nolog_gamma0.3_nohe       0.5023   0.6728    0.551   0.731    0.386    0.881   (2s)
41        clip=5/99.5_nolog_gamma0.5_nohe       0.7580   0.8921    0.732   0.743    0.655    0.790   (7s)
organic   clip=5/99.5_nolog_gamma0.5_nohe       0.4673   0.6353    0.521   0.742    0.360    0.890   (1s)
--- 35/62 settings done ---
41        clip=5/99.5_nolog_gamma0.7_nohe       0.7586   0.8908    0.742   0.724    0.646    0.797   (8s)
organic   clip=5/99.5_nolog_gamma0.7_nohe       0.4652   0.6443    0.510   0.757    0.343    0.904   (2s)
41        clip=5/99.5_nolog_gamma1.5_nohe       0.7374   0.9068    0.718   0.752    0.589    0.847   (8s)
organic   clip=5/99.5_nolog_gamma1.5_nohe       0.2385   0.3297    0.269   0.673    0.181    0.887   (2s)
41        clip=5/99.5_nolog_gamma2_nohe         0.6646   0.8872    0.658   0.723    0.520    0.857   (7s)
organic   clip=5/99.5_nolog_gamma2_nohe         0.1512   0.2077    0.166   0.670    0.118    0.867   (1s)
41        clip=5/99.5_log_clahe1@8x8            0.7157   0.8385    0.667   0.723    0.687    0.696   (8s)
organic   clip=5/99.5_log_clahe1@8x8            0.5627   0.7104    0.592   0.755    0.452    0.858   (2s)
41        clip=5/99.5_log_clahe1@4x16           0.7093   0.8383    0.714   0.670    0.674    0.706   (8s)
organic   clip=5/99.5_log_clahe1@4x16           0.5567   0.6951    0.574   0.788    0.447    0.868   (2s)
--- 40/62 settings done ---
41        clip=5/99.5_log_clahe1@16x16          0.6916   0.8199    0.655   0.705    0.676    0.675   (8s)
organic   clip=5/99.5_log_clahe1@16x16          0.5646   0.7134    0.586   0.765    0.464    0.856   (2s)
41        clip=5/99.5_log_clahe2@8x8            0.7002   0.8238    0.691   0.673    0.696    0.663   (8s)
organic   clip=5/99.5_log_clahe2@8x8            0.5668   0.6906    0.576   0.761    0.465    0.847   (2s)
41        clip=5/99.5_log_clahe2@4x16           0.6966   0.8194    0.693   0.680    0.689    0.681   (8s)
organic   clip=5/99.5_log_clahe2@4x16           0.5524   0.6776    0.579   0.764    0.453    0.840   (2s)
41        clip=5/99.5_log_clahe2@16x16          0.6772   0.8015    0.664   0.680    0.689    0.645   (8s)
organic   clip=5/99.5_log_clahe2@16x16          0.5724   0.7064    0.618   0.705    0.487    0.835   (2s)
41        clip=5/99.5_log_clahe4@8x8            0.7000   0.8182    0.661   0.700    0.699    0.646   (9s)
organic   clip=5/99.5_log_clahe4@8x8            0.5764   0.6789    0.584   0.761    0.485    0.850   (2s)
--- 45/62 settings done ---
41        clip=5/99.5_log_clahe4@4x16           0.6946   0.8097    0.663   0.694    0.680    0.664   (8s)
organic   clip=5/99.5_log_clahe4@4x16           0.5654   0.6738    0.595   0.736    0.466    0.849   (2s)
41        clip=5/99.5_log_clahe4@16x16          0.6621   0.7871    0.626   0.680    0.683    0.620   (8s)
organic   clip=5/99.5_log_clahe4@16x16          0.5883   0.7030    0.561   0.797    0.508    0.830   (2s)
41        clip=5/99.5_log_clahe8@8x8            0.7009   0.8062    0.641   0.717    0.699    0.648   (8s)
organic   clip=5/99.5_log_clahe8@8x8            0.5807   0.6742    0.588   0.754    0.490    0.832   (2s)
41        clip=5/99.5_log_clahe8@4x16           0.7016   0.8162    0.649   0.718    0.686    0.675   (8s)
organic   clip=5/99.5_log_clahe8@4x16           0.5722   0.6776    0.584   0.750    0.477    0.838   (2s)
41        clip=5/99.5_log_clahe8@16x16          0.6683   0.7871    0.676   0.648    0.692    0.622   (8s)
organic   clip=5/99.5_log_clahe8@16x16          0.5834   0.6869    0.585   0.747    0.508    0.803   (2s)
--- 50/62 settings done ---
41        clip=5/99.5_nolog_clahe1@8x8          0.7278   0.8545    0.733   0.692    0.679    0.731   (7s)
organic   clip=5/99.5_nolog_clahe1@8x8          0.4393   0.6076    0.480   0.766    0.312    0.887   (1s)
41        clip=5/99.5_nolog_clahe1@4x16         0.7373   0.8663    0.713   0.717    0.677    0.752   (7s)
organic   clip=5/99.5_nolog_clahe1@4x16         0.4494   0.6224    0.498   0.731    0.317    0.896   (1s)
41        clip=5/99.5_nolog_clahe1@16x16        0.7254   0.8439    0.756   0.644    0.663    0.718   (7s)
organic   clip=5/99.5_nolog_clahe1@16x16        0.4541   0.6288    0.501   0.738    0.333    0.900   (1s)
41        clip=5/99.5_nolog_clahe2@8x8          0.7178   0.8330    0.702   0.704    0.702    0.704   (7s)
organic   clip=5/99.5_nolog_clahe2@8x8          0.4765   0.6462    0.528   0.737    0.348    0.905   (1s)
41        clip=5/99.5_nolog_clahe2@4x16         0.7232   0.8465    0.704   0.710    0.689    0.720   (7s)
organic   clip=5/99.5_nolog_clahe2@4x16         0.4673   0.6433    0.521   0.731    0.349    0.883   (1s)
--- 55/62 settings done ---
41        clip=5/99.5_nolog_clahe2@16x16        0.6955   0.8137    0.696   0.654    0.670    0.668   (7s)
organic   clip=5/99.5_nolog_clahe2@16x16        0.4767   0.6506    0.529   0.740    0.356    0.893   (1s)
41        clip=5/99.5_nolog_clahe4@8x8          0.7092   0.8255    0.648   0.731    0.704    0.661   (7s)
organic   clip=5/99.5_nolog_clahe4@8x8          0.4893   0.6539    0.535   0.748    0.362    0.886   (1s)
41        clip=5/99.5_nolog_clahe4@4x16         0.7072   0.8199    0.648   0.740    0.685    0.686   (7s)
organic   clip=5/99.5_nolog_clahe4@4x16         0.4821   0.6545    0.524   0.748    0.354    0.885   (1s)
41        clip=5/99.5_nolog_clahe4@16x16        0.6784   0.7963    0.684   0.657    0.692    0.647   (7s)
organic   clip=5/99.5_nolog_clahe4@16x16        0.4871   0.6517    0.521   0.762    0.373    0.879   (1s)
41        clip=5/99.5_nolog_clahe8@8x8          0.6956   0.8094    0.673   0.673    0.698    0.635   (7s)
organic   clip=5/99.5_nolog_clahe8@8x8          0.4960   0.6429    0.567   0.681    0.397    0.873   (1s)
--- 60/62 settings done ---
41        clip=5/99.5_nolog_clahe8@4x16         0.6922   0.8047    0.672   0.690    0.679    0.676   (7s)
organic   clip=5/99.5_nolog_clahe8@4x16         0.4859   0.6475    0.551   0.692    0.373    0.872   (1s)
41        clip=5/99.5_nolog_clahe8@16x16        0.6608   0.7760    0.657   0.656    0.680    0.622   (7s)
organic   clip=5/99.5_nolog_clahe8@16x16        0.5019   0.6488    0.558   0.724    0.386    0.851   (1s)

wrote /mnt/lustre/work/schreiber/szb389/datasets/DINO_BACKBONE_curation/sweeps/contrast_ssl1.csv
